python : Traceback (most recent call last):
위치 줄:1 문자:1
+ python generate_dataset.py > test_error.log 2>&1
+ ~~~~~~~~~~~~~~~~~~~~~~~~~~~~~~~~~~~~~~~~~~~~~~~~
    + CategoryInfo          : NotSpecified: (Traceback (most recent c    al
l last)::String) [], RemoteException
    + FullyQualifiedErrorId : NativeCommandError
 
  File "C:\Users\smhrd1\Desktop\FactCoach\generate_dataset.py", line 100, i
n generate_fact_coach_responses
    response = client.chat.completions.create(
        model="gpt-4o",
    ...<5 lines>...
        temperature=0.9
    )
  File "C:\Users\smhrd1\AppData\Local\Programs\Python\Python314\Lib\site-pa
ckages\openai\_utils\_utils.py", line 286, in wrapper
    return func(*args, **kwargs)
  File "C:\Users\smhrd1\AppData\Local\Programs\Python\Python314\Lib\site-pa
ckages\openai\resources\chat\completions\completions.py", line 1204, in cre
ate
    return self._post(
           ~~~~~~~~~~^
        "/chat/completions",
        ^^^^^^^^^^^^^^^^^^^^
    ...<47 lines>...
        stream_cls=Stream[ChatCompletionChunk],
        ^^^^^^^^^^^^^^^^^^^^^^^^^^^^^^^^^^^^^^^
    )
    ^
  File "C:\Users\smhrd1\AppData\Local\Programs\Python\Python314\Lib\site-pa
ckages\openai\_base_client.py", line 1297, in post
    return cast(ResponseT, self.request(cast_to, opts, stream=stream, strea
m_cls=stream_cls))
                           ~~~~~~~~~~~~^^^^^^^^^^^^^^^^^^^^^^^^^^^^^^^^^^^^
^^^^^^^^^^^^^^^^^
  File "C:\Users\smhrd1\AppData\Local\Programs\Python\Python314\Lib\site-pa
ckages\openai\_base_client.py", line 991, in request
    request = self._build_request(options, retries_taken=retries_taken)
  File "C:\Users\smhrd1\AppData\Local\Programs\Python\Python314\Lib\site-pa
ckages\openai\_base_client.py", line 510, in _build_request
    headers = self._build_headers(options, retries_taken=retries_taken)
  File "C:\Users\smhrd1\AppData\Local\Programs\Python\Python314\Lib\site-pa
ckages\openai\_base_client.py", line 443, in _build_headers
    headers = httpx.Headers(headers_dict)
  File "C:\Users\smhrd1\AppData\Local\Programs\Python\Python314\Lib\site-pa
ckages\httpx\_models.py", line 156, in __init__
    bytes_value = _normalize_header_value(v, encoding)
  File "C:\Users\smhrd1\AppData\Local\Programs\Python\Python314\Lib\site-pa
ckages\httpx\_models.py", line 82, in _normalize_header_value
    return value.encode(encoding or "ascii")
           ~~~~~~~~~~~~^^^^^^^^^^^^^^^^^^^^^
UnicodeEncodeError: 'ascii' codec can't encode characters in position 10-12
: ordinal not in range(128)
1. 웰니스 데이터셋 로드 및 카테고리 분류 중...
-> 총 500개의 유효한 핑계 데이터 추출 완료!

2. GPT-4o를 이용한 팩트폭행 답변 생성 시작...
-> 진행률: [1~10/500] 생성 중...
Traceback (most recent call last):
  File "C:\Users\smhrd1\Desktop\FactCoach\generate_dataset.py", line 100, i
n generate_fact_coach_responses
    response = client.chat.completions.create(
        model="gpt-4o",
    ...<5 lines>...
        temperature=0.9
    )
  File "C:\Users\smhrd1\AppData\Local\Programs\Python\Python314\Lib\site-pa
ckages\openai\_utils\_utils.py", line 286, in wrapper
    return func(*args, **kwargs)
  File "C:\Users\smhrd1\AppData\Local\Programs\Python\Python314\Lib\site-pa
ckages\openai\resources\chat\completions\completions.py", line 1204, in cre
ate
    return self._post(
           ~~~~~~~~~~^
        "/chat/completions",
        ^^^^^^^^^^^^^^^^^^^^
    ...<47 lines>...
        stream_cls=Stream[ChatCompletionChunk],
        ^^^^^^^^^^^^^^^^^^^^^^^^^^^^^^^^^^^^^^^
    )
    ^
  File "C:\Users\smhrd1\AppData\Local\Programs\Python\Python314\Lib\site-pa
ckages\openai\_base_client.py", line 1297, in post
    return cast(ResponseT, self.request(cast_to, opts, stream=stream, strea
m_cls=stream_cls))
                           ~~~~~~~~~~~~^^^^^^^^^^^^^^^^^^^^^^^^^^^^^^^^^^^^
^^^^^^^^^^^^^^^^^
  File "C:\Users\smhrd1\AppData\Local\Programs\Python\Python314\Lib\site-pa
ckages\openai\_base_client.py", line 991, in request
    request = self._build_request(options, retries_taken=retries_taken)
  File "C:\Users\smhrd1\AppData\Local\Programs\Python\Python314\Lib\site-pa
ckages\openai\_base_client.py", line 510, in _build_request
    headers = self._build_headers(options, retries_taken=retries_taken)
  File "C:\Users\smhrd1\AppData\Local\Programs\Python\Python314\Lib\site-pa
ckages\openai\_base_client.py", line 443, in _build_headers
    headers = httpx.Headers(headers_dict)
  File "C:\Users\smhrd1\AppData\Local\Programs\Python\Python314\Lib\site-pa
ckages\httpx\_models.py", line 156, in __init__
    bytes_value = _normalize_header_value(v, encoding)
  File "C:\Users\smhrd1\AppData\Local\Programs\Python\Python314\Lib\site-pa
ckages\httpx\_models.py", line 82, in _normalize_header_value
    return value.encode(encoding or "ascii")
           ~~~~~~~~~~~~^^^^^^^^^^^^^^^^^^^^^
UnicodeEncodeError: 'ascii' codec can't encode characters in position 10-12
: ordinal not in range(128)

During handling of the above exception, another exception occurred:

Traceback (most recent call last):
  File "C:\Users\smhrd1\Desktop\FactCoach\generate_dataset.py", line 137, i
n <module>
    final_dataset = generate_fact_coach_responses(queries)
  File "C:\Users\smhrd1\Desktop\FactCoach\generate_dataset.py", line 125, i
n generate_fact_coach_responses
    print(f"\U0001f6a8 에러 발생 (인덱스 {i}): {e}")
    ~~~~~^^^^^^^^^^^^^^^^^^^^^^^^^^^^^^^^^^^
UnicodeEncodeError: 'cp949' codec can't encode character '\U0001f6a8' in po
sition 0: illegal multibyte sequence
